// Jest Snapshot v1, https://goo.gl/fbAQLP

exports[`FilesUpload renders FilesUpload 1`] = `
<div
  className="file-upload"
>
  <input
    accept=""
    multiple={true}
    name="file"
    onChange={[Function]}
    style={
      Object {
        "display": "none",
      }
    }
    type="file"
  />
  <div
    className="files-dropzone"
    onClick={[Function]}
    onDragOver={[Function]}
    onDrop={[Function]}
    style={Object {}}
  >
    <div />
  </div>
</div>
`;
