// Jest Snapshot v1, https://goo.gl/fbAQLP

exports[`TextArea renders TextArea 1`] = `
<div
  className="froms__col"
>
  <p>
    test
  </p>
  <textarea
    className="win-textarea"
    disabled={false}
    name="test"
    onChange={[Function]}
    placeholder="test"
    required={true}
    rows={8}
    style={
      Object {
        "height": "40px",
      }
    }
    value="test"
  />
</div>
`;
